// Jest Snapshot v1, https://goo.gl/fbAQLP

exports[`Header component should render correctly 1`] = `
<div
  className="sticky-nav"
>
  <mockConstructor
    className="sticky-nav-button"
    to="/"
  >
    Home
  </mockConstructor>
  <div
    className="sticky-nav-stack"
  >
    <mockConstructor
      className="sticky-nav-button"
      to="/blog"
    >
      Blog
    </mockConstructor>
    <mockConstructor
      className="sticky-nav-button"
      to="/cv"
    >
      CV
    </mockConstructor>
  </div>
  <ToggleDarkMode
    checked={true}
    onChange={[Function]}
  />
</div>
`;
