// Jest Snapshot v1, https://goo.gl/fbAQLP

exports[`Header component should render correctly 1`] = `
<div
  className="nav"
>
  <ul>
    <li />
    <li
      key="li-0"
    >
      <mockConstructor
        className="navButton navButton__active"
        key="HOME"
        to="/"
      >
        HOME
      </mockConstructor>
    </li>
    <li
      key="li-1"
    >
      <mockConstructor
        className="navButton null"
        key="BLOG"
        to="/blog"
      >
        BLOG
      </mockConstructor>
    </li>
    <li
      key="li-2"
    >
      <mockConstructor
        className="navButton null"
        key="CV"
        to="/cv"
      >
        CV
      </mockConstructor>
    </li>
    <li
      className="toggler"
    >
      <ToggleDarkMode
        checked={true}
        onChange={[Function]}
      />
    </li>
    <li
      className="toggler"
    />
  </ul>
  <PrintIcon
    className="navprinticon"
    style={Object {}}
    title="Skriv ut"
  />
</div>
`;
